🎵 Spotify clone API listening on http://0.0.0.0:5000
GET /api/health 200 10ms
GET /api/health 200 1ms
POST /api/auth/register 201 56ms
GET /api/songs?q=Tum+Hi+Ho 200 4ms
POST /api/songs/17/audio 200 5ms
POST /api/auth/register 201 75ms
GET /api/songs?q=Tum%20Hi%20Ho 200 1ms
POST /api/auth/register 201 94ms
GET /api/songs?q=Tum%20Hi%20Ho 200 5ms
GET / 200 6ms
GET /api/health 200 2ms
GET / 200 3ms
GET / 200 30ms
GET /assets/index-C-mne1dg.css 200 4ms
GET /assets/index-EFU0hW7c.js 200 6ms
GET /api/auth/me 304 4ms
GET /api/playlists 304 3ms
GET /api/songs 304 8ms
GET /api/playlists 304 2ms
GET / 304 3ms
GET /assets/index-EFU0hW7c.js 304 2ms
GET /assets/index-C-mne1dg.css 304 2ms
GET /api/auth/me 304 1ms
GET /api/playlists 304 1ms
GET /api/songs 304 29ms
GET /api/playlists 304 3ms
GET / 200 4ms
GET / 200 5ms
GET /?fbclid=IwcGRvZgRleHRuA2FlbQIxMQBzcnRjBmFwcF9pZAwyNTYyODEwNDA1NTgAAR5uJEbLKuXWl_kKOUuJGKMkg0s9888zhVArMCLIBZ_3Tp9qFZ4QfT10Qr8jdw_aem_w0FHhuLvp8ZkWxFGi_BQ9Q 200 5ms
GET /assets/index-EFU0hW7c.js 200 11ms
GET / 200 4ms
GET /assets/index-C-mne1dg.css 200 4ms
GET /assets/index-EFU0hW7c.js 200 10ms
GET /api/auth/me 200 5ms
GET /api/playlists 304 3ms
GET /api/songs 200 21ms
GET /api/playlists 304 3ms
GET /assets/index-C-mne1dg.css 200 5ms
GET /?fbclid=IwcGRvZgRleHRuA2FlbQIxMQBzcnRjBmFwcF9pZAwyNTYyODEwNDA1NTgAAR5uJEbLKuXWl_kKOUuJGKMkg0s9888zhVArMCLIBZ_3Tp9qFZ4QfT10Qr8jdw_aem_w0FHhuLvp8ZkWxFGi_BQ9Q 200 3ms
GET /favicon.ico 200 10ms
GET / 200 4ms
GET /?fbclid=IwcGRvZgRleHRuA2FlbQIxMQBzcnRjBmFwcF9pZAwyNTYyODEwNDA1NTgAAR6lROKCqjw4ElKiMlOWBFTyLE9wczZNXeZTli7spelnAYhkmYdXFd_yMqFB6w_aem_S2SzkblEcyKRb3YXPqePqA 200 4ms
GET / 200 3ms
GET /api/songs/genres 200 2ms
GET /api/songs 304 10ms
GET /api/songs?genre=Disco 200 2ms
GET /api/songs?genre=Folk 200 4ms
GET / 200 0ms
GET /assets/index-EFU0hW7c.js 200 3ms
GET /assets/index-C-mne1dg.css 200 1ms
GET / 200 2ms
GET /assets/index-C-mne1dg.css 200 4ms
GET /assets/index-EFU0hW7c.js 200 8ms
POST /api/auth/login 401 2ms
POST /api/auth/login 401 1ms
GET /login 200 11ms
GET / 304 2ms
GET /assets/index-EFU0hW7c.js 304 3ms
GET /assets/index-C-mne1dg.css 304 108ms
POST /api/auth/login 401 1ms
GET /login 200 2ms
POST /api/auth/login 401 1ms
POST /api/auth/register 201 75ms
GET /api/songs 200 22ms
GET /api/playlists 200 4ms
GET /api/playlists 304 4ms
GET /api/playlists 304 4ms
GET /api/songs/genres 200 1ms
GET /api/songs 304 19ms
GET /api/songs?genre=Bollywood 200 11ms
GET /api/songs 304 8ms
GET /api/playlists 304 2ms
